// Jest Snapshot v1, https://goo.gl/fbAQLP

exports[`Pruebas en el componenete <AddCategory /> Debe mostrarse correctamente 1`] = `
<form
  onSubmit={[Function]}
>
  <input
    onChange={[Function]}
    type="text"
    value="Escriba aqui su categoria"
  />
</form>
`;
