// Jest Snapshot v1, https://goo.gl/fbAQLP

exports[`Pruebas en <GifGridItem /> Debe mostrar el componente de manera correctamente 1`] = `
<div
  className="card animate__animated animate__zoomIn"
>
  <p>
    Titulo
  </p>
  <img
    alt="Titulo"
    src="htpps://localhost/algo.jpg"
  />
</div>
`;
